Microsoft Windows [Versiรณn 10.0.26200.7462]
(c) Microsoft Corporation. Todos los derechos reservados.

C:\Users\jpove>cd C:\Users\jpove\Downloads\runnaio (2)\runnaio

C:\Users\jpove\Downloads\runnaio (2)\runnaio>

C:\Users\jpove\Downloads\runnaio (2)\runnaio># En tu mรกquina local, haz pull de los cambios
"#" no se reconoce como un comando interno o externo,
programa o archivo por lotes ejecutable.

C:\Users\jpove\Downloads\runnaio (2)\runnaio>git pull origin main
remote: Enumerating objects: 21, done.
remote: Counting objects: 100% (21/21), done.
remote: Compressing objects: 100% (8/8), done.
remote: Total 12 (delta 4), reused 9 (delta 1), pack-reused 0 (from 0)
Unpacking objects: 100% (12/12), 132.39 KiB | 1.26 MiB/s, done.
From https://github.com/jpoves0/runna-io
 * branch            main       -> FETCH_HEAD
   865335d..e39254f  main       -> origin/main
error: The following untracked working tree files would be overwritten by merge:
        .local/state/replit/agent/.agent_state_753060b224f6b40f83da44b346d700b92f48df14.bin
Please move or remove them before you merge.
Aborting
Merge with strategy ort failed.

C:\Users\jpove\Downloads\runnaio (2)\runnaio>
C:\Users\jpove\Downloads\runnaio (2)\runnaio># O si tienes conflictos, fuerza la sincronizaciรณn
"#" no se reconoce como un comando interno o externo,
programa o archivo por lotes ejecutable.

C:\Users\jpove\Downloads\runnaio (2)\runnaio>git fetch origin

C:\Users\jpove\Downloads\runnaio (2)\runnaio>git reset --hard origin/main
HEAD is now at e39254f Fix CORS and Wrangler v4 compatibility

C:\Users\jpove\Downloads\runnaio (2)\runnaio>
C:\Users\jpove\Downloads\runnaio (2)\runnaio># Luego despliega
"#" no se reconoce como un comando interno o externo,
programa o archivo por lotes ejecutable.

C:\Users\jpove\Downloads\runnaio (2)\runnaio>cd worker

C:\Users\jpove\Downloads\runnaio (2)\runnaio\worker>npm run deploy

> runna-io-worker@1.0.0 deploy
> wrangler deploy


Cloudflare collects anonymous telemetry about your usage of Wrangler. Learn more at https://github.com/cloudflare/workers-sdk/tree/main/packages/wrangler/telemetry.md

 โ๏ธ wrangler 4.53.0 (update available 4.54.0)
โโโโโโโโโโโโโโโโโโโโโโโโโโโโโโโโโโโโโโโโโโโโโ
โฒ [WARNING] Multiple environments are defined in the Wrangler configuration file, but no target environment was specified for the deploy command.

  To avoid unintentional changes to the wrong environment, it is recommended to explicitly specify
  the target environment using the `-e|--env` flag.
  If your intention is to use the top-level environment of your configuration simply pass an empty
  string to the flag to target such environment. For example `--env=""`.



X [ERROR] It looks like you've run a Workers-specific command in a Pages project.

  For Pages, please run `wrangler pages deploy` instead.


๐ชต  Logs were written to "C:\Users\jpove\AppData\Roaming\xdg.config\.wrangler\logs\wrangler-2025-12-11_18-05-00_907.log"

C:\Users\jpove\Downloads\runnaio (2)\runnaio\worker>wrangler pages deploy

 โ๏ธ wrangler 4.53.0 (update available 4.54.0)
โโโโโโโโโโโโโโโโโโโโโโโโโโโโโโโโโโโโโโโโโโโโโ
โฒ [WARNING] Warning: Your working directory is a git repo and has uncommitted changes

  To silence this warning, pass in --commit-dirty=true



X [ERROR] ENOENT: no such file or directory, scandir 'C:\Users\jpove\Downloads\runnaio (2)\runnaio\dist\public'


If you think this is a bug then please create an issue at https://github.com/cloudflare/workers-sdk/issues/new/choose
Note that there is a newer version of Wrangler available (4.54.0). Consider checking whether upgrading resolves this error.
โ Would you like to report this error to Cloudflare? Wrangler's output and the error details will be shared with the Wrangler team to help us diagnose and fix the issue. ... no
๐ชต  Logs were written to "C:\Users\jpove\AppData\Roaming\xdg.config\.wrangler\logs\wrangler-2025-12-11_18-05-19_020.log"

C:\Users\jpove\Downloads\runnaio (2)\runnaio\worker>
C:\Users\jpove\Downloads\runnaio (2)\runnaio\worker># En tu mรกquina local, haz pull de los cambios
"#" no se reconoce como un comando interno o externo,
programa o archivo por lotes ejecutable.

C:\Users\jpove\Downloads\runnaio (2)\runnaio\worker>git pull origin main
From https://github.com/jpoves0/runna-io
 * branch            main       -> FETCH_HEAD
Already up to date.

C:\Users\jpove\Downloads\runnaio (2)\runnaio\worker>
C:\Users\jpove\Downloads\runnaio (2)\runnaio\worker># O si tienes conflictos, fuerza la sincronizaciรณn
"#" no se reconoce como un comando interno o externo,
programa o archivo por lotes ejecutable.

C:\Users\jpove\Downloads\runnaio (2)\runnaio\worker>git fetch origin

C:\Users\jpove\Downloads\runnaio (2)\runnaio\worker>git reset --hard origin/main
HEAD is now at e39254f Fix CORS and Wrangler v4 compatibility

C:\Users\jpove\Downloads\runnaio (2)\runnaio\worker>
C:\Users\jpove\Downloads\runnaio (2)\runnaio\worker># Luego despliega
"#" no se reconoce como un comando interno o externo,
programa o archivo por lotes ejecutable.

C:\Users\jpove\Downloads\runnaio (2)\runnaio\worker>cd worker
El sistema no puede encontrar la ruta especificada.

C:\Users\jpove\Downloads\runnaio (2)\runnaio\worker>npm run deploy

> runna-io-worker@1.0.0 deploy
> wrangler deploy


 โ๏ธ wrangler 4.53.0 (update available 4.54.0)
โโโโโโโโโโโโโโโโโโโโโโโโโโโโโโโโโโโโโโโโโโโโโ
โฒ [WARNING] Multiple environments are defined in the Wrangler configuration file, but no target environment was specified for the deploy command.

  To avoid unintentional changes to the wrong environment, it is recommended to explicitly specify
  the target environment using the `-e|--env` flag.
  If your intention is to use the top-level environment of your configuration simply pass an empty
  string to the flag to target such environment. For example `--env=""`.



X [ERROR] It looks like you've run a Workers-specific command in a Pages project.

  For Pages, please run `wrangler pages deploy` instead.


๐ชต  Logs were written to "C:\Users\jpove\AppData\Roaming\xdg.config\.wrangler\logs\wrangler-2025-12-11_18-06-02_664.log"

C:\Users\jpove\Downloads\runnaio (2)\runnaio\worker>