Microsoft Windows [VersiÃ³n 10.0.26200.7462]
(c) Microsoft Corporation. Todos los derechos reservados.

C:\Users\jpove>cd C:\Users\jpove\Downloads\runnaio (2)\runnaio

C:\Users\jpove\Downloads\runnaio (2)\runnaio>git pull origin main
From https://github.com/jpoves0/runna-io
 * branch            main       -> FETCH_HEAD
Already up to date.

C:\Users\jpove\Downloads\runnaio (2)\runnaio>npm install
npm warn deprecated @esbuild-kit/esm-loader@2.6.5: Merged into tsx: https://tsx.is
npm warn deprecated @esbuild-kit/core-utils@3.3.2: Merged into tsx: https://tsx.is

added 628 packages, and audited 629 packages in 42s

177 packages are looking for funding
  run `npm fund` for details

9 vulnerabilities (3 low, 5 moderate, 1 high)

To address issues that do not require attention, run:
  npm audit fix

To address all issues (including breaking changes), run:
  npm audit fix --force

Run `npm audit` for details.

C:\Users\jpove\Downloads\runnaio (2)\runnaio>npm run worker:deploy

> rest-express@1.0.0 worker:deploy
> wrangler deploy -c wrangler.worker.toml


 â›…ï¸ wrangler 4.53.0 (update available 4.54.0)
â”€â”€â”€â”€â”€â”€â”€â”€â”€â”€â”€â”€â”€â”€â”€â”€â”€â”€â”€â”€â”€â”€â”€â”€â”€â”€â”€â”€â”€â”€â”€â”€â”€â”€â”€â”€â”€â”€â”€â”€â”€â”€â”€â”€â”€
Total Upload: 1218.75 KiB / gzip: 233.46 KiB
Worker Startup Time: 25 ms
Your Worker has access to the following bindings:
Binding                             Resource
env.ENVIRONMENT ("production")      Environment Variable

Uploaded runna-io-api (11.66 sec)
Deployed runna-io-api triggers (5.02 sec)
  https://runna-io-api.runna-io-api.workers.dev
Current Version ID: 90082c5a-904c-4b1d-a326-add63f48cd8e

C:\Users\jpove\Downloads\runnaio (2)\runnaio>npm run pages:deploy

> rest-express@1.0.0 pages:deploy
> npm run pages:build && wrangler pages deploy dist/public


> rest-express@1.0.0 pages:build
> vite build --outDir dist/public

vite v5.4.20 building for production...
transforming (5) ..\node_modules\@tanstack\react-query\build\modern\index.js
A PostCSS plugin did not pass the `from` option to `postcss.parse`. This may cause imported assets to be incorrectly transformed. If you've recently added a PostCSS plugin that raised this warning, please contact the package author to fix the issue.
âœ“ 2563 modules transformed.
dist/public/index.html                   1.64 kB â”‚ gzip:   0.74 kB
dist/public/assets/index-BMKTHutG.css   95.84 kB â”‚ gzip:  19.12 kB
dist/public/assets/index-ilGxDQLF.js   548.95 kB â”‚ gzip: 167.95 kB

(!) Some chunks are larger than 500 kB after minification. Consider:
- Using dynamic import() to code-split the application
- Use build.rollupOptions.output.manualChunks to improve chunking: https://rollupjs.org/configuration-options/#output-manualchunks
- Adjust chunk size limit for this warning via build.chunkSizeWarningLimit.
âœ“ built in 10.70s

 â›…ï¸ wrangler 4.53.0 (update available 4.54.0)
â”€â”€â”€â”€â”€â”€â”€â”€â”€â”€â”€â”€â”€â”€â”€â”€â”€â”€â”€â”€â”€â”€â”€â”€â”€â”€â”€â”€â”€â”€â”€â”€â”€â”€â”€â”€â”€â”€â”€â”€â”€â”€â”€â”€â”€
â–² [WARNING] Warning: Your working directory is a git repo and has uncommitted changes

  To silence this warning, pass in --commit-dirty=true



X [ERROR] ENOENT: no such file or directory, scandir 'C:\Users\jpove\Downloads\runnaio (2)\runnaio\dist\public'


If you think this is a bug then please create an issue at https://github.com/cloudflare/workers-sdk/issues/new/choose
Note that there is a newer version of Wrangler available (4.54.0). Consider checking whether upgrading resolves this error.
âˆš Would you like to report this error to Cloudflare? Wrangler's output and the error details will be shared with the Wrangler team to help us diagnose and fix the issue. ... no
ğŸªµ  Logs were written to "C:\Users\jpove\AppData\Roaming\xdg.config\.wrangler\logs\wrangler-2025-12-11_18-13-53_982.log"

C:\Users\jpove\Downloads\runnaio (2)\runnaio># Mover a una ubicaciÃ³n sin espacios ni parÃ©ntesis
"#" no se reconoce como un comando interno o externo,
programa o archivo por lotes ejecutable.

C:\Users\jpove\Downloads\runnaio (2)\runnaio>move "C:\Users\jpove\Downloads\runnaio (2)\runnaio" C:\dev\runnaio
El proceso no tiene acceso al archivo porque estÃ¡ siendo utilizado por otro proceso.
Se ha(n) movido         0 directorio(s).

C:\Users\jpove\Downloads\runnaio (2)\runnaio>cd C:\dev\runnaio
El sistema no puede encontrar la ruta especificada.

C:\Users\jpove\Downloads\runnaio (2)\runnaio>npm run pages:deploy

C:\Users\jpove\Downloads\runnaio (2)\runnaio>cdC:\Users\jpove\OneDrive\Escritorio\runnaio
El nombre de archivo, el nombre de directorio o la sintaxis de la etiqueta del volumen no son correctos.
C:\Users\jpove\Downloads\runnaio (2)\runnaio>cd C:\Users\jpove\OneDrive\Escritorio\runnaio

C:\Users\jpove\OneDrive\Escritorio\runnaio>git pull origin main
From https://github.com/jpoves0/runna-io
 * branch            main       -> FETCH_HEAD
Already up to date.

C:\Users\jpove\OneDrive\Escritorio\runnaio>npm install

up to date, audited 629 packages in 4s

177 packages are looking for funding
  run `npm fund` for details

9 vulnerabilities (3 low, 5 moderate, 1 high)

To address issues that do not require attention, run:
  npm audit fix

To address all issues (including breaking changes), run:
  npm audit fix --force

Run `npm audit` for details.

C:\Users\jpove\OneDrive\Escritorio\runnaio>npm run worker:deploy

> rest-express@1.0.0 worker:deploy
> wrangler deploy -c wrangler.worker.toml


 â›…ï¸ wrangler 4.53.0 (update available 4.54.0)
â”€â”€â”€â”€â”€â”€â”€â”€â”€â”€â”€â”€â”€â”€â”€â”€â”€â”€â”€â”€â”€â”€â”€â”€â”€â”€â”€â”€â”€â”€â”€â”€â”€â”€â”€â”€â”€â”€â”€â”€â”€â”€â”€â”€â”€
Total Upload: 1218.75 KiB / gzip: 233.46 KiB
Worker Startup Time: 25 ms
Your Worker has access to the following bindings:
Binding                             Resource
env.ENVIRONMENT ("production")      Environment Variable

Uploaded runna-io-api (10.99 sec)
Deployed runna-io-api triggers (4.44 sec)
  https://runna-io-api.runna-io-api.workers.dev
Current Version ID: 86fe05bc-8cd5-4b99-a456-e3861d27b9e0

C:\Users\jpove\OneDrive\Escritorio\runnaio>npm run pages:deploy

> rest-express@1.0.0 pages:deploy
> npm run pages:build && wrangler pages deploy dist/public


> rest-express@1.0.0 pages:build
> vite build --outDir dist/public

vite v5.4.20 building for production...
transforming (3) src\main.tsx
A PostCSS plugin did not pass the `from` option to `postcss.parse`. This may cause imported assets to be incorrectly transformed. If you've recently added a PostCSS plugin that raised this warning, please contact the package author to fix the issue.
âœ“ 2563 modules transformed.
dist/public/index.html                   1.64 kB â”‚ gzip:   0.74 kB
dist/public/assets/index-BMKTHutG.css   95.84 kB â”‚ gzip:  19.12 kB
dist/public/assets/index-ilGxDQLF.js   548.95 kB â”‚ gzip: 167.95 kB

(!) Some chunks are larger than 500 kB after minification. Consider:
- Using dynamic import() to code-split the application
- Use build.rollupOptions.output.manualChunks to improve chunking: https://rollupjs.org/configuration-options/#output-manualchunks
- Adjust chunk size limit for this warning via build.chunkSizeWarningLimit.
âœ“ built in 10.54s

 â›…ï¸ wrangler 4.53.0 (update available 4.54.0)
â”€â”€â”€â”€â”€â”€â”€â”€â”€â”€â”€â”€â”€â”€â”€â”€â”€â”€â”€â”€â”€â”€â”€â”€â”€â”€â”€â”€â”€â”€â”€â”€â”€â”€â”€â”€â”€â”€â”€â”€â”€â”€â”€â”€â”€
â–² [WARNING] Warning: Your working directory is a git repo and has uncommitted changes

  To silence this warning, pass in --commit-dirty=true



X [ERROR] ENOENT: no such file or directory, scandir 'C:\Users\jpove\OneDrive\Escritorio\runnaio\dist\public'


If you think this is a bug then please create an issue at https://github.com/cloudflare/workers-sdk/issues/new/choose
Note that there is a newer version of Wrangler available (4.54.0). Consider checking whether upgrading resolves this error.
? Would you like to report this error to Cloudflare? Wrangler's output and the error details will be shared with the Wrangler team to help us diagnose and fix the issue. Â» (Y/n)
